Hmm ... looks like a package
Converting parsed Rd's to LaTeX Creating pdf output from LaTeX ...

This is pdfTeX, Version 3.141592653-2.6-1.40.26 (TeX Live 2024) (preloaded format=pdflatex)
 restricted \write18 enabled.
entering extended mode
LaTeX2e <2024-06-01> patch level 2
L3 programming layer <2024-08-30>
(./Rd2.tex
(/Users/veronicavaccaro/Library/TinyTeX/texmf-dist/tex/latex/base/book.cls
Document Class: book 2024/02/08 v1.4n Standard LaTeX document class
(/Users/veronicavaccaro/Library/TinyTeX/texmf-dist/tex/latex/base/bk10.clo)) (/Library/Frameworks/R.framework/Resources/share/texmf/tex/latex/Rd.sty (/Users/veronicavaccaro/Library/TinyTeX/texmf-dist/tex/latex/base/ifthen.sty) (/Users/veronicavaccaro/Library/TinyTeX/texmf-dist/tex/generic/iftex/iftex.sty) (/Users/veronicavaccaro/Library/TinyTeX/texmf-dist/tex/latex/tools/longtable.sty) (/Users/veronicavaccaro/Library/TinyTeX/texmf-dist/tex/latex/tools/bm.sty) (/Users/veronicavaccaro/Library/TinyTeX/texmf-dist/tex/latex/base/alltt.sty) (/Users/veronicavaccaro/Library/TinyTeX/texmf-dist/tex/latex/tools/verbatim.sty) (/Users/veronicavaccaro/Library/TinyTeX/texmf-dist/tex/latex/url/url.sty) (/Users/veronicavaccaro/Library/TinyTeX/texmf-dist/tex/latex/base/textcomp.sty) (/Users/veronicavaccaro/Library/TinyTeX/texmf-dist/tex/latex/amsmath/amsmath.sty
For additional information on amsmath, use the `?' option.
(/Users/veronicavaccaro/Library/TinyTeX/texmf-dist/tex/latex/amsmath/amstext.sty (/Users/veronicavaccaro/Library/TinyTeX/texmf-dist/tex/latex/amsmath/amsgen.sty)) (/Users/veronicavaccaro/Library/TinyTeX/texmf-dist/tex/latex/amsmath/amsbsy.sty) (/Users/veronicavaccaro/Library/TinyTeX/texmf-dist/tex/latex/amsmath/amsopn.sty)) (/Users/veronicavaccaro/Library/TinyTeX/texmf-dist/tex/latex/amsfonts/amsfonts.sty) (/Users/veronicavaccaro/Library/TinyTeX/texmf-dist/tex/latex/amsfonts/amssymb.sty) (/Users/veronicavaccaro/Library/TinyTeX/texmf-dist/tex/latex/amsfonts/eucal.sty) (/Users/veronicavaccaro/Library/TinyTeX/texmf-dist/tex/latex/base/fontenc.sty) (/Users/veronicavaccaro/Library/TinyTeX/texmf-dist/tex/latex/psnfss/times.sty) (/Users/veronicavaccaro/Library/TinyTeX/texmf-dist/tex/latex/inconsolata/zi4.sty `inconsolata-zi4' v1.12, 2019/05/17 Text macros for Inconsolata (msharpe) (/Users/veronicavaccaro/Library/TinyTeX/texmf-dist/tex/latex/xkeyval/xkeyval.sty (/Users/veronicavaccaro/Library/TinyTeX/texmf-dist/tex/generic/xkeyval/xkeyval.tex (/Users/veronicavaccaro/Library/TinyTeX/texmf-dist/tex/generic/xkeyval/xkvutils.tex (/Users/veronicavaccaro/Library/TinyTeX/texmf-dist/tex/generic/xkeyval/keyval.tex))))) (/Users/veronicavaccaro/Library/TinyTeX/texmf-dist/tex/latex/graphics/color.sty (/Users/veronicavaccaro/Library/TinyTeX/texmf-dist/tex/latex/graphics-cfg/color.cfg) (/Users/veronicavaccaro/Library/TinyTeX/texmf-dist/tex/latex/graphics-def/pdftex.def) (/Users/veronicavaccaro/Library/TinyTeX/texmf-dist/tex/latex/graphics/mathcolor.ltx)) (/Users/veronicavaccaro/Library/TinyTeX/texmf-dist/tex/latex/hyperref/hyperref.sty (/Users/veronicavaccaro/Library/TinyTeX/texmf-dist/tex/latex/kvsetkeys/kvsetkeys.sty) (/Users/veronicavaccaro/Library/TinyTeX/texmf-dist/tex/generic/kvdefinekeys/kvdefinekeys.sty) (/Users/veronicavaccaro/Library/TinyTeX/texmf-dist/tex/generic/pdfescape/pdfescape.sty (/Users/veronicavaccaro/Library/TinyTeX/texmf-dist/tex/generic/ltxcmds/ltxcmds.sty) (/Users/veronicavaccaro/Library/TinyTeX/texmf-dist/tex/generic/pdftexcmds/pdftexcmds.sty (/Users/veronicavaccaro/Library/TinyTeX/texmf-dist/tex/generic/infwarerr/infwarerr.sty))) (/Users/veronicavaccaro/Library/TinyTeX/texmf-dist/tex/latex/hycolor/hycolor.sty) (/Users/veronicavaccaro/Library/TinyTeX/texmf-dist/tex/latex/hyperref/nameref.sty (/Users/veronicavaccaro/Library/TinyTeX/texmf-dist/tex/latex/refcount/refcount.sty) (/Users/veronicavaccaro/Library/TinyTeX/texmf-dist/tex/generic/gettitlestring/gettitlestring.sty (/Users/veronicavaccaro/Library/TinyTeX/texmf-dist/tex/latex/kvoptions/kvoptions.sty))) (/Users/veronicavaccaro/Library/TinyTeX/texmf-dist/tex/latex/etoolbox/etoolbox.sty) (/Users/veronicavaccaro/Library/TinyTeX/texmf-dist/tex/generic/stringenc/stringenc.sty) (/Users/veronicavaccaro/Library/TinyTeX/texmf-dist/tex/latex/hyperref/pd1enc.def) (/Users/veronicavaccaro/Library/TinyTeX/texmf-dist/tex/generic/intcalc/intcalc.sty) (/Users/veronicavaccaro/Library/TinyTeX/texmf-dist/tex/latex/hyperref/puenc.def) (/Users/veronicavaccaro/Library/TinyTeX/texmf-dist/tex/generic/bitset/bitset.sty (/Users/veronicavaccaro/Library/TinyTeX/texmf-dist/tex/generic/bigintcalc/bigintcalc.sty)) (/Users/veronicavaccaro/Library/TinyTeX/texmf-dist/tex/latex/base/atbegshi-ltx.sty)) (/Users/veronicavaccaro/Library/TinyTeX/texmf-dist/tex/latex/hyperref/hpdftex.def (/Users/veronicavaccaro/Library/TinyTeX/texmf-dist/tex/latex/base/atveryend-ltx.sty) (/Users/veronicavaccaro/Library/TinyTeX/texmf-dist/tex/latex/rerunfilecheck/rerunfilecheck.sty (/Users/veronicavaccaro/Library/TinyTeX/texmf-dist/tex/generic/uniquecounter/uniquecounter.sty)))) (/Users/veronicavaccaro/Library/TinyTeX/texmf-dist/tex/latex/base/makeidx.sty)
Writing index file Rd2.idx
(/Users/veronicavaccaro/Library/TinyTeX/texmf-dist/tex/latex/psnfss/t1ptm.fd) (/Users/veronicavaccaro/Library/TinyTeX/texmf-dist/tex/latex/l3backend/l3backend-pdftex.def)
No file Rd2.aux.
(/Users/veronicavaccaro/Library/TinyTeX/texmf-dist/tex/latex/inconsolata/t1zi4.fd) (/Users/veronicavaccaro/Library/TinyTeX/texmf-dist/tex/latex/amsfonts/umsa.fd) (/Users/veronicavaccaro/Library/TinyTeX/texmf-dist/tex/latex/amsfonts/umsb.fd)
No file Rd2.toc.
No file Rd2.ind.

[1{/Users/veronicavaccaro/Library/TinyTeX/texmf-var/fonts/map/pdftex/updmap/pdftex.map}{/Users/veronicavaccaro/Library/TinyTeX/texmf-dist/fonts/enc/dvips/base/8r.enc}{/Users/veronicavaccaro/Library/TinyTeX/texmf-dist/fonts/enc/dvips/inconsolata/i4-t1-0.enc}] (/private/var/folders/rc/wrt5m5ss6fbb5524jx2yc7s00000gn/T/RtmpfVNFq3/Rd2pdff204724d9169/Rd2.aux)

Package rerunfilecheck Warning: File `Rd2.out' has changed.
(rerunfilecheck)                Rerun to get outlines right
(rerunfilecheck)                or use package `bookmark'.

 )</Users/veronicavaccaro/Library/TinyTeX/texmf-dist/fonts/type1/public/inconsolata/Inconsolata-zi4r.pfb></Users/veronicavaccaro/Library/TinyTeX/texmf-dist/fonts/type1/urw/times/utmb8a.pfb></Users/veronicavaccaro/Library/TinyTeX/texmf-dist/fonts/type1/urw/times/utmr8a.pfb>
Output written on Rd2.pdf (1 page, 44373 bytes).
Transcript written on Rd2.log.
This is pdfTeX, Version 3.141592653-2.6-1.40.26 (TeX Live 2024) (preloaded format=pdflatex)
 restricted \write18 enabled.
entering extended mode
LaTeX2e <2024-06-01> patch level 2
L3 programming layer <2024-08-30>
(./Rd2.tex
(/Users/veronicavaccaro/Library/TinyTeX/texmf-dist/tex/latex/base/book.cls
Document Class: book 2024/02/08 v1.4n Standard LaTeX document class
(/Users/veronicavaccaro/Library/TinyTeX/texmf-dist/tex/latex/base/bk10.clo)) (/Library/Frameworks/R.framework/Resources/share/texmf/tex/latex/Rd.sty (/Users/veronicavaccaro/Library/TinyTeX/texmf-dist/tex/latex/base/ifthen.sty) (/Users/veronicavaccaro/Library/TinyTeX/texmf-dist/tex/generic/iftex/iftex.sty) (/Users/veronicavaccaro/Library/TinyTeX/texmf-dist/tex/latex/tools/longtable.sty) (/Users/veronicavaccaro/Library/TinyTeX/texmf-dist/tex/latex/tools/bm.sty) (/Users/veronicavaccaro/Library/TinyTeX/texmf-dist/tex/latex/base/alltt.sty) (/Users/veronicavaccaro/Library/TinyTeX/texmf-dist/tex/latex/tools/verbatim.sty) (/Users/veronicavaccaro/Library/TinyTeX/texmf-dist/tex/latex/url/url.sty) (/Users/veronicavaccaro/Library/TinyTeX/texmf-dist/tex/latex/base/textcomp.sty) (/Users/veronicavaccaro/Library/TinyTeX/texmf-dist/tex/latex/amsmath/amsmath.sty
For additional information on amsmath, use the `?' option.
(/Users/veronicavaccaro/Library/TinyTeX/texmf-dist/tex/latex/amsmath/amstext.sty (/Users/veronicavaccaro/Library/TinyTeX/texmf-dist/tex/latex/amsmath/amsgen.sty)) (/Users/veronicavaccaro/Library/TinyTeX/texmf-dist/tex/latex/amsmath/amsbsy.sty) (/Users/veronicavaccaro/Library/TinyTeX/texmf-dist/tex/latex/amsmath/amsopn.sty)) (/Users/veronicavaccaro/Library/TinyTeX/texmf-dist/tex/latex/amsfonts/amsfonts.sty) (/Users/veronicavaccaro/Library/TinyTeX/texmf-dist/tex/latex/amsfonts/amssymb.sty) (/Users/veronicavaccaro/Library/TinyTeX/texmf-dist/tex/latex/amsfonts/eucal.sty) (/Users/veronicavaccaro/Library/TinyTeX/texmf-dist/tex/latex/base/fontenc.sty) (/Users/veronicavaccaro/Library/TinyTeX/texmf-dist/tex/latex/psnfss/times.sty) (/Users/veronicavaccaro/Library/TinyTeX/texmf-dist/tex/latex/inconsolata/zi4.sty `inconsolata-zi4' v1.12, 2019/05/17 Text macros for Inconsolata (msharpe) (/Users/veronicavaccaro/Library/TinyTeX/texmf-dist/tex/latex/xkeyval/xkeyval.sty (/Users/veronicavaccaro/Library/TinyTeX/texmf-dist/tex/generic/xkeyval/xkeyval.tex (/Users/veronicavaccaro/Library/TinyTeX/texmf-dist/tex/generic/xkeyval/xkvutils.tex (/Users/veronicavaccaro/Library/TinyTeX/texmf-dist/tex/generic/xkeyval/keyval.tex))))) (/Users/veronicavaccaro/Library/TinyTeX/texmf-dist/tex/latex/graphics/color.sty (/Users/veronicavaccaro/Library/TinyTeX/texmf-dist/tex/latex/graphics-cfg/color.cfg) (/Users/veronicavaccaro/Library/TinyTeX/texmf-dist/tex/latex/graphics-def/pdftex.def) (/Users/veronicavaccaro/Library/TinyTeX/texmf-dist/tex/latex/graphics/mathcolor.ltx)) (/Users/veronicavaccaro/Library/TinyTeX/texmf-dist/tex/latex/hyperref/hyperref.sty (/Users/veronicavaccaro/Library/TinyTeX/texmf-dist/tex/latex/kvsetkeys/kvsetkeys.sty) (/Users/veronicavaccaro/Library/TinyTeX/texmf-dist/tex/generic/kvdefinekeys/kvdefinekeys.sty) (/Users/veronicavaccaro/Library/TinyTeX/texmf-dist/tex/generic/pdfescape/pdfescape.sty (/Users/veronicavaccaro/Library/TinyTeX/texmf-dist/tex/generic/ltxcmds/ltxcmds.sty) (/Users/veronicavaccaro/Library/TinyTeX/texmf-dist/tex/generic/pdftexcmds/pdftexcmds.sty (/Users/veronicavaccaro/Library/TinyTeX/texmf-dist/tex/generic/infwarerr/infwarerr.sty))) (/Users/veronicavaccaro/Library/TinyTeX/texmf-dist/tex/latex/hycolor/hycolor.sty) (/Users/veronicavaccaro/Library/TinyTeX/texmf-dist/tex/latex/hyperref/nameref.sty (/Users/veronicavaccaro/Library/TinyTeX/texmf-dist/tex/latex/refcount/refcount.sty) (/Users/veronicavaccaro/Library/TinyTeX/texmf-dist/tex/generic/gettitlestring/gettitlestring.sty (/Users/veronicavaccaro/Library/TinyTeX/texmf-dist/tex/latex/kvoptions/kvoptions.sty))) (/Users/veronicavaccaro/Library/TinyTeX/texmf-dist/tex/latex/etoolbox/etoolbox.sty) (/Users/veronicavaccaro/Library/TinyTeX/texmf-dist/tex/generic/stringenc/stringenc.sty) (/Users/veronicavaccaro/Library/TinyTeX/texmf-dist/tex/latex/hyperref/pd1enc.def) (/Users/veronicavaccaro/Library/TinyTeX/texmf-dist/tex/generic/intcalc/intcalc.sty) (/Users/veronicavaccaro/Library/TinyTeX/texmf-dist/tex/latex/hyperref/puenc.def) (/Users/veronicavaccaro/Library/TinyTeX/texmf-dist/tex/generic/bitset/bitset.sty (/Users/veronicavaccaro/Library/TinyTeX/texmf-dist/tex/generic/bigintcalc/bigintcalc.sty)) (/Users/veronicavaccaro/Library/TinyTeX/texmf-dist/tex/latex/base/atbegshi-ltx.sty)) (/Users/veronicavaccaro/Library/TinyTeX/texmf-dist/tex/latex/hyperref/hpdftex.def (/Users/veronicavaccaro/Library/TinyTeX/texmf-dist/tex/latex/base/atveryend-ltx.sty) (/Users/veronicavaccaro/Library/TinyTeX/texmf-dist/tex/latex/rerunfilecheck/rerunfilecheck.sty (/Users/veronicavaccaro/Library/TinyTeX/texmf-dist/tex/generic/uniquecounter/uniquecounter.sty)))) (/Users/veronicavaccaro/Library/TinyTeX/texmf-dist/tex/latex/base/makeidx.sty)
Writing index file Rd2.idx
(/Users/veronicavaccaro/Library/TinyTeX/texmf-dist/tex/latex/psnfss/t1ptm.fd) (/Users/veronicavaccaro/Library/TinyTeX/texmf-dist/tex/latex/l3backend/l3backend-pdftex.def) (/private/var/folders/rc/wrt5m5ss6fbb5524jx2yc7s00000gn/T/RtmpfVNFq3/Rd2pdff204724d9169/Rd2.aux) (/private/var/folders/rc/wrt5m5ss6fbb5524jx2yc7s00000gn/T/RtmpfVNFq3/Rd2pdff204724d9169/Rd2.out) (/private/var/folders/rc/wrt5m5ss6fbb5524jx2yc7s00000gn/T/RtmpfVNFq3/Rd2pdff204724d9169/Rd2.out) (/Users/veronicavaccaro/Library/TinyTeX/texmf-dist/tex/latex/inconsolata/t1zi4.fd) (/Users/veronicavaccaro/Library/TinyTeX/texmf-dist/tex/latex/amsfonts/umsa.fd) (/Users/veronicavaccaro/Library/TinyTeX/texmf-dist/tex/latex/amsfonts/umsb.fd) (/private/var/folders/rc/wrt5m5ss6fbb5524jx2yc7s00000gn/T/RtmpfVNFq3/Rd2pdff204724d9169/Rd2.toc)
No file Rd2.ind.

[1{/Users/veronicavaccaro/Library/TinyTeX/texmf-var/fonts/map/pdftex/updmap/pdftex.map}{/Users/veronicavaccaro/Library/TinyTeX/texmf-dist/fonts/enc/dvips/base/8r.enc}{/Users/veronicavaccaro/Library/TinyTeX/texmf-dist/fonts/enc/dvips/inconsolata/i4-t1-0.enc}] (/private/var/folders/rc/wrt5m5ss6fbb5524jx2yc7s00000gn/T/RtmpfVNFq3/Rd2pdff204724d9169/Rd2.aux) )</Users/veronicavaccaro/Library/TinyTeX/texmf-dist/fonts/type1/public/inconsolata/Inconsolata-zi4r.pfb></Users/veronicavaccaro/Library/TinyTeX/texmf-dist/fonts/type1/urw/times/utmb8a.pfb></Users/veronicavaccaro/Library/TinyTeX/texmf-dist/fonts/type1/urw/times/utmr8a.pfb>
Output written on Rd2.pdf (1 page, 44373 bytes).
Transcript written on Rd2.log.
Saving output to ‘EasyRules-manual.pdf’ ...
Done
You may want to clean up by 'rm -Rf /var/folders/rc/wrt5m5ss6fbb5524jx2yc7s00000gn/T//RtmpfVNFq3/Rd2pdff204724d9169'
